Server running on port 8083
[0mGET /api/auth/me [36m304[0m 8.278 ms - -[0m
[0mGET /api/studio/dashboard [36m304[0m 9.909 ms - -[0m
[0mGET /api/auth/me [36m304[0m 3.832 ms - -[0m
[0mPOST /api/auth/login [32m200[0m 71.819 ms - 404[0m
[0mGET /api/studio/reports/monthly?months=12 [32m200[0m 23.311 ms - 1264[0m
[0mGET /api/studio/dashboard [36m304[0m 9.520 ms - -[0m
[0mGET /api/appointments?dateFrom=2026-06-01&dateTo=2026-06-30 [36m304[0m 3.834 ms - -[0m
[0mGET /api/clients [36m304[0m 4.263 ms - -[0m
[0mGET /api/appointments?dateFrom=2026-06-01&dateTo=2026-06-30 [36m304[0m 4.622 ms - -[0m
[0mGET /api/studio/dashboard [36m304[0m 5.995 ms - -[0m
[0mGET /api/studio/reports/monthly?months=12 [32m200[0m 22.745 ms - 1264[0m
[0mGET /api/auth/me [36m304[0m 6.633 ms - -[0m
[0mGET /api/expenses?dateFrom=2026-06-01&dateTo=2026-06-30 [36m304[0m 4.779 ms - -[0m
[0mGET /api/studio/dashboard [36m304[0m 5.158 ms - -[0m
[0mGET /api/studio/dashboard [36m304[0m 4.865 ms - -[0m
[0mGET /api/studio/reports/monthly?months=12 [36m304[0m 23.726 ms - -[0m
[0mGET /api/auth/me [36m304[0m 6.117 ms - -[0m
[0mGET /api/studio [36m304[0m 5.314 ms - -[0m
[0mGET /api/studio/dashboard [36m304[0m 9.714 ms - -[0m
[0mGET /api/studio/dashboard [36m304[0m 19.387 ms - -[0m
[0mGET /api/appointments?dateFrom=2026-06-01&dateTo=2026-06-30 [36m304[0m 3.704 ms - -[0m
[0mGET /api/services [36m304[0m 3.063 ms - -[0m
[0mGET /api/clients [36m304[0m 20.691 ms - -[0m
[0mGET /api/appointments?dateFrom=2026-06-01&dateTo=2026-06-30 [36m304[0m 3.982 ms - -[0m
[0mGET /api/appointments?dateFrom=2026-06-01&dateTo=2026-06-30 [36m304[0m 3.443 ms - -[0m
[0mGET /api/clients [36m304[0m 4.480 ms - -[0m
[0mGET /api/services [36m304[0m 20.044 ms - -[0m
[0mGET / [32m200[0m 0.804 ms - 193[0m
[0mPOST /api/auth/login [32m200[0m 130.712 ms - 404[0m
[0mGET /api/studio/dashboard [36m304[0m 16.691 ms - -[0m
[0mGET /api/studio/dashboard [36m304[0m 4.368 ms - -[0m
[0mGET /api/appointments?month=6&year=2026 [32m200[0m 4.311 ms - 2[0m
[0mGET /api/appointments?month=6&year=2026 [36m304[0m 4.550 ms - -[0m
[0mGET /api/appointments?month=6&year=2026 [36m304[0m 4.732 ms - -[0m
[0mGET /api/appointments?month=6&year=2026 [36m304[0m 4.425 ms - -[0m
[0mGET /api/services [36m304[0m 3.675 ms - -[0m
[0mGET /api/services [36m304[0m 4.579 ms - -[0m
[0mGET /api/services [36m304[0m 2.557 ms - -[0m
[0mGET /api/services [36m304[0m 4.257 ms - -[0m
[0mGET /api/services [36m304[0m 3.513 ms - -[0m
[0mGET /api/services [36m304[0m 4.084 ms - -[0m
[0mGET /api/services [36m304[0m 3.190 ms - -[0m
[0mGET /api/services [36m304[0m 1.905 ms - -[0m
[0mGET /api/services [36m304[0m 3.857 ms - -[0m
[0mGET /api/services [36m304[0m 3.423 ms - -[0m
[0mGET /api/studio/dashboard [36m304[0m 3.903 ms - -[0m
[0mGET /api/studio/dashboard [36m304[0m 10.644 ms - -[0m
[0mGET /api/appointments?month=6&year=2026 [36m304[0m 4.115 ms - -[0m
[0mGET /api/appointments?month=6&year=2026 [36m304[0m 3.460 ms - -[0m
[0mGET /api/appointments?month=6&year=2026 [36m304[0m 3.932 ms - -[0m
[0mGET /api/appointments?month=6&year=2026 [36m304[0m 3.913 ms - -[0m
[0mGET /api/appointments?month=6&year=2026 [36m304[0m 3.121 ms - -[0m
[0mGET /api/appointments?month=6&year=2026 [36m304[0m 2.587 ms - -[0m
[0mGET /api/services [36m304[0m 2.752 ms - -[0m
[0mGET /api/services [36m304[0m 3.539 ms - -[0m
[0mGET /api/clients [36m304[0m 4.434 ms - -[0m
[0mGET /api/clients [36m304[0m 3.879 ms - -[0m
[0mGET /api/studio/dashboard [36m304[0m 4.058 ms - -[0m
[0mGET /api/studio/dashboard [36m304[0m 8.076 ms - -[0m
[0mGET /api/clients [36m304[0m 4.046 ms - -[0m
[0mGET /api/clients [36m304[0m 4.127 ms - -[0m
[0mGET /api/appointments?month=6&year=2026 [36m304[0m 3.016 ms - -[0m
[0mGET /api/appointments?month=6&year=2026 [36m304[0m 3.361 ms - -[0m
[0mGET /api/services [36m304[0m 3.475 ms - -[0m
[0mGET /api/services [36m304[0m 3.419 ms - -[0m
[0mGET /api/services [36m304[0m 2.474 ms - -[0m
[0mGET /api/services [36m304[0m 3.724 ms - -[0m
[0mGET /api/expenses?month=6&year=2026 [32m200[0m 3.506 ms - 2[0m
[0mGET /api/expenses?month=6&year=2026 [36m304[0m 4.007 ms - -[0m
[0mGET /api/expenses?month=6&year=2026 [36m304[0m 3.409 ms - -[0m
[0mGET /api/expenses?month=6&year=2026 [36m304[0m 2.966 ms - -[0m
[0mGET /api/expenses?month=6&year=2026 [36m304[0m 3.409 ms - -[0m
[0mGET /api/expenses?month=6&year=2026 [36m304[0m 3.864 ms - -[0m
[0mGET /api/expenses?month=6&year=2026 [36m304[0m 3.561 ms - -[0m
[0mGET /api/expenses?month=6&year=2026 [36m304[0m 4.201 ms - -[0m
[0mGET /api/expenses?month=6&year=2026 [36m304[0m 3.951 ms - -[0m
[0mGET /api/expenses?month=6&year=2026 [36m304[0m 4.836 ms - -[0m
[0mGET /api/services [36m304[0m 5.306 ms - -[0m
[0mGET /api/services [36m304[0m 2.176 ms - -[0m
[0mGET /api/expenses?month=6&year=2026 [36m304[0m 4.184 ms - -[0m
[0mGET /api/expenses?month=6&year=2026 [36m304[0m 4.052 ms - -[0m
[0mGET /api/expenses?month=6&year=2026 [36m304[0m 3.953 ms - -[0m
[0mGET /api/expenses?month=6&year=2026 [36m304[0m 2.965 ms - -[0m
[0mGET /api/expenses?month=6&year=2026 [36m304[0m 3.725 ms - -[0m
[0mGET /api/expenses?month=6&year=2026 [36m304[0m 3.507 ms - -[0m
[0mGET /api/expenses?month=6&year=2026 [36m304[0m 3.839 ms - -[0m
[0mGET /api/expenses?month=6&year=2026 [36m304[0m 3.947 ms - -[0m
[0mGET /api/expenses?month=6&year=2026 [36m304[0m 4.539 ms - -[0m
[0mGET /api/expenses?month=6&year=2026 [36m304[0m 3.910 ms - -[0m
[0mGET /api/studio/reports/monthly?months=12 [36m304[0m 29.521 ms - -[0m
[0mGET /api/studio/reports/monthly?months=12 [36m304[0m 49.007 ms - -[0m
[0mGET /api/studio/reports/monthly?months=12 [36m304[0m 26.700 ms - -[0m
[0mGET /api/studio/reports/monthly?months=12 [36m304[0m 30.090 ms - -[0m
[0mGET /api/expenses?month=6&year=2026 [36m304[0m 3.541 ms - -[0m
[0mGET /api/expenses?month=6&year=2026 [36m304[0m 4.540 ms - -[0m
[0mGET /api/services [36m304[0m 3.802 ms - -[0m
[0mGET /api/services [36m304[0m 3.546 ms - -[0m
[0mGET /api/expenses?month=6&year=2026 [36m304[0m 3.780 ms - -[0m
[0mGET /api/expenses?month=6&year=2026 [36m304[0m 4.318 ms - -[0m
[0mGET /api/studio/dashboard [36m304[0m 7.424 ms - -[0m
[0mGET /api/studio/dashboard [36m304[0m 4.076 ms - -[0m
[0mGET /api/appointments?month=6&year=2026 [36m304[0m 3.755 ms - -[0m
[0mGET /api/appointments?month=6&year=2026 [36m304[0m 5.238 ms - -[0m
[0mGET /api/clients [36m304[0m 3.295 ms - -[0m
[0mGET /api/clients [36m304[0m 4.021 ms - -[0m
[0mGET /api/appointments?month=6&year=2026 [36m304[0m 3.896 ms - -[0m
[0mGET /api/appointments?month=6&year=2026 [36m304[0m 4.774 ms - -[0m
[0mGET /api/clients [36m304[0m 3.746 ms - -[0m
[0mGET /api/clients [36m304[0m 4.675 ms - -[0m
[0mGET /api/studio/dashboard [36m304[0m 11.040 ms - -[0m
[0mGET /api/studio/dashboard [36m304[0m 13.858 ms - -[0m
13:58:52 [tsx] change in ./src\routes\studio.ts Restarting...
cServer running on port 8083
